// Jest Snapshot v1, https://goo.gl/fbAQLP

exports[` 1`] = `ShallowWrapper {}`;

exports[`Details component snapshot renders without crashing 1`] = `ShallowWrapper {}`;
